-- ===================================================================
-- dblink access coverage derived from postgres_fdw.sql use cases
-- ===================================================================
SELECT current_database() AS current_database,
  current_setting('port') AS current_port
\gset
SELECT btrim(split_part(current_setting('unix_socket_directories'), ',', 1)) AS current_sockdir
\gset
\set dblink_connstr 'dbname=' :current_database ' port=' :current_port ' host=' :current_sockdir ' meta_ttl=0'
SET client_min_messages = warning;
CREATE EXTENSION IF NOT EXISTS postgres_fdw;
CREATE SCHEMA "dblink_fdw_s";
CREATE TABLE "dblink_fdw_s"."T 1" (
	c1 int NOT NULL,
	c2 int NOT NULL,
	c3 text,
	CONSTRAINT t1_pkey PRIMARY KEY (c1)
);
CREATE TABLE "dblink_fdw_s"."T 2" (
	c1 int NOT NULL,
	c2 int NOT NULL,
	c3 text,
	CONSTRAINT t2_pkey PRIMARY KEY (c1)
);
INSERT INTO "dblink_fdw_s"."T 1"
	SELECT id,
	       id % 5,
	       'AAA' || to_char(id, 'FM000')
	FROM generate_series(1, 20) id;
INSERT INTO "dblink_fdw_s"."T 2"
	SELECT id,
	       id % 7,
	       'BBB' || to_char(id, 'FM000')
	FROM generate_series(1, 20) id;
ANALYZE "dblink_fdw_s"."T 1";
ANALYZE "dblink_fdw_s"."T 2";
CREATE DATABASE LINK dblink_fdw_case CONNECT TO CURRENT_USER
	USING :'dblink_connstr';
SELECT count(*) FROM "dblink_fdw_s"."T 1"@dblink_fdw_case;
 count 
-------
    20
(1 row)

SELECT min(c1), max(c1), count(*) FROM "dblink_fdw_s"."T 1"@dblink_fdw_case;
 min | max | count 
-----+-----+-------
   1 |  20 |    20
(1 row)

-- simple query shapes (derived from postgres_fdw.sql)
SELECT c1, c3
	FROM "dblink_fdw_s"."T 1"@dblink_fdw_case
	ORDER BY c3, c1 OFFSET 5 LIMIT 3;
 c1 |   c3   
----+--------
  6 | AAA006
  7 | AAA007
  8 | AAA008
(3 rows)

SELECT count(*) FROM "dblink_fdw_s"."T 1"@dblink_fdw_case WHERE false;
 count 
-------
     0
(1 row)

SELECT c1, c2, c3
	FROM "dblink_fdw_s"."T 1"@dblink_fdw_case
	WHERE c1 = 10 AND c2 = 0 AND c3 >= 'AAA010';
 c1 | c2 |   c3   
----+----+--------
 10 |  0 | AAA010
(1 row)

-- aggregates
SELECT count(*) FROM "dblink_fdw_s"."T 1"@dblink_fdw_case;
 count 
-------
    20
(1 row)

SELECT c2, count(*)
	FROM "dblink_fdw_s"."T 1"@dblink_fdw_case
	GROUP BY c2
	ORDER BY c2;
 c2 | count 
----+-------
  0 |     4
  1 |     4
  2 |     4
  3 |     4
  4 |     4
(5 rows)

SELECT c2, count(*)
	FROM "dblink_fdw_s"."T 1"@dblink_fdw_case
	GROUP BY c2
	HAVING count(*) > 3
	ORDER BY c2;
 c2 | count 
----+-------
  0 |     4
  1 |     4
  2 |     4
  3 |     4
  4 |     4
(5 rows)

-- subqueries
SELECT c1
	FROM "dblink_fdw_s"."T 1"@dblink_fdw_case
	WHERE c1 IN (SELECT c1 FROM "dblink_fdw_s"."T 2"@dblink_fdw_case WHERE c1 <= 3)
	ORDER BY c1;
 c1 
----
  1
  2
  3
(3 rows)

SELECT c1
	FROM "dblink_fdw_s"."T 1"@dblink_fdw_case
	WHERE c1 = (SELECT max(c1) FROM "dblink_fdw_s"."T 2"@dblink_fdw_case)
	ORDER BY c1;
 c1 
----
 20
(1 row)

-- parameterized / correlated shapes
PREPARE dblink_p1(int) AS
	SELECT count(*) FROM "dblink_fdw_s"."T 1"@dblink_fdw_case WHERE c1 = $1;
EXECUTE dblink_p1(10);
 count 
-------
     1
(1 row)

PREPARE dblink_p2(int) AS
	SELECT count(*)
		FROM "dblink_fdw_s"."T 1"@dblink_fdw_case t1
		JOIN "dblink_fdw_s"."T 2"@dblink_fdw_case t2
		ON t1.c1 = t2.c1
		WHERE t1.c1 <= $1;
EXECUTE dblink_p2(3);
 count 
-------
     3
(1 row)

DEALLOCATE dblink_p1;
DEALLOCATE dblink_p2;
SELECT count(*)
	FROM "dblink_fdw_s"."T 1"@dblink_fdw_case t1
	WHERE EXISTS (
		SELECT 1
			FROM "dblink_fdw_s"."T 2"@dblink_fdw_case t2
			WHERE t2.c1 = t1.c1 AND t2.c1 <= 3
	);
 count 
-------
     3
(1 row)

SELECT count(*)
	FROM "dblink_fdw_s"."T 1"@dblink_fdw_case
	WHERE c1 = ANY (ARRAY(
		SELECT c1 FROM "dblink_fdw_s"."T 2"@dblink_fdw_case WHERE c1 < 5
	));
 count 
-------
     4
(1 row)

SELECT count(*)
	FROM "dblink_fdw_s"."T 2"@dblink_fdw_case
	WHERE c1 = ANY (ARRAY(
		SELECT c1 FROM "dblink_fdw_s"."T 1"@dblink_fdw_case WHERE c1 < 5
	));
 count 
-------
     4
(1 row)

-- used in CTE
WITH t AS (
	SELECT c1 FROM "dblink_fdw_s"."T 1"@dblink_fdw_case WHERE c1 <= 3
)
SELECT t.c1, r.c3
	FROM t
	JOIN "dblink_fdw_s"."T 2"@dblink_fdw_case r
	ON t.c1 = r.c1
	ORDER BY t.c1;
 c1 |   c3   
----+--------
  1 | BBB001
  2 | BBB002
  3 | BBB003
(3 rows)

-- fixed values + NULL
SELECT 'fixed' AS tag, NULL::int AS n, c1
	FROM "dblink_fdw_s"."T 1"@dblink_fdw_case
	WHERE c1 = 1;
  tag  | n | c1 
-------+---+----
 fixed |   |  1
(1 row)

-- check special chars in shippable expressions
SELECT count(*)
	FROM "dblink_fdw_s"."T 1"@dblink_fdw_case
	WHERE c3 = E'foo''s\\bar';
 count 
-------
     0
(1 row)

-- CASE / COALESCE / NULLIF patterns (stable, deterministic)
SELECT count(*)
	FROM "dblink_fdw_s"."T 2"@dblink_fdw_case
	WHERE (CASE WHEN c1 > 15 THEN c1 END) < 20;
 count 
-------
     4
(1 row)

SELECT count(*)
	FROM "dblink_fdw_s"."T 1"@dblink_fdw_case
	WHERE c1 > (CASE mod(c1, 4) WHEN 0 THEN 1 WHEN 2 THEN 50 ELSE 100 END);
 count 
-------
     5
(1 row)

-- WHERE patterns inspired by postgres_fdw.sql remotely-executable conditions
ALTER TABLE "dblink_fdw_s"."T 1" ADD COLUMN c4 int;
UPDATE "dblink_fdw_s"."T 1" SET c4 = c1;
UPDATE "dblink_fdw_s"."T 1" SET c4 = NULL WHERE c1 % 4 = 0;
ANALYZE "dblink_fdw_s"."T 1";
SELECT count(*) FROM "dblink_fdw_s"."T 1"@dblink_fdw_case WHERE c4 IS NULL;
 count 
-------
     5
(1 row)

SELECT count(*) FROM "dblink_fdw_s"."T 1"@dblink_fdw_case WHERE c4 IS NOT NULL;
 count 
-------
    15
(1 row)

SELECT count(*) FROM "dblink_fdw_s"."T 1"@dblink_fdw_case WHERE round(abs(c1)::numeric, 0) = 1;
 count 
-------
     1
(1 row)

SELECT count(*) FROM "dblink_fdw_s"."T 1"@dblink_fdw_case WHERE c1 = -c1;
 count 
-------
     0
(1 row)

SELECT count(*) FROM "dblink_fdw_s"."T 1"@dblink_fdw_case WHERE c1 = ANY(ARRAY[c2, 1, c1 + 0]);
 count 
-------
    20
(1 row)

SELECT count(*) FROM "dblink_fdw_s"."T 1"@dblink_fdw_case WHERE c1 = (ARRAY[c1, c2, 3])[1];
 count 
-------
    20
(1 row)

SELECT count(*)
	FROM "dblink_fdw_s"."T 1"@dblink_fdw_case
	WHERE (c4 IS NULL) IS DISTINCT FROM true;
 count 
-------
    15
(1 row)

SELECT sum(coalesce(c4, 0))
	FROM "dblink_fdw_s"."T 1"@dblink_fdw_case;
 sum 
-----
 150
(1 row)

SELECT count(*)
	FROM "dblink_fdw_s"."T 1"@dblink_fdw_case
	WHERE NULLIF(c2, 0) IS NULL;
 count 
-------
     4
(1 row)

SELECT count(*)
	FROM "dblink_fdw_s"."T 1"@dblink_fdw_case t1
	JOIN "dblink_fdw_s"."T 2"@dblink_fdw_case t2
	ON t1.c1 = t2.c1;
 count 
-------
    20
(1 row)

SELECT t1.c1, t1.c3 AS t1_c3, t2.c3 AS t2_c3
	FROM "dblink_fdw_s"."T 1"@dblink_fdw_case t1
	JOIN "dblink_fdw_s"."T 2"@dblink_fdw_case t2
	ON t1.c1 = t2.c1
	WHERE t1.c1 <= 3
	ORDER BY t1.c1;
 c1 | t1_c3  | t2_c3  
----+--------+--------
  1 | AAA001 | BBB001
  2 | AAA002 | BBB002
  3 | AAA003 | BBB003
(3 rows)

-- deeper shapes mined from postgres_fdw.sql: set operations and join variants
SELECT c1
	FROM "dblink_fdw_s"."T 1"@dblink_fdw_case
	WHERE c1 <= 3
UNION ALL
SELECT c1
	FROM "dblink_fdw_s"."T 2"@dblink_fdw_case
	WHERE c1 <= 2
ORDER BY 1;
 c1 
----
  1
  1
  2
  2
  3
(5 rows)

SELECT c2
	FROM "dblink_fdw_s"."T 1"@dblink_fdw_case
	WHERE c1 <= 5
UNION
SELECT c2
	FROM "dblink_fdw_s"."T 2"@dblink_fdw_case
	WHERE c1 <= 5
ORDER BY 1;
 c2 
----
  0
  1
  2
  3
  4
  5
(6 rows)

SELECT c1
	FROM "dblink_fdw_s"."T 1"@dblink_fdw_case
	WHERE c1 <= 5
INTERSECT
SELECT c1
	FROM "dblink_fdw_s"."T 2"@dblink_fdw_case
	WHERE c1 BETWEEN 3 AND 7
ORDER BY 1;
 c1 
----
  3
  4
  5
(3 rows)

SELECT c1
	FROM "dblink_fdw_s"."T 1"@dblink_fdw_case
	WHERE c1 <= 5
EXCEPT
SELECT c1
	FROM "dblink_fdw_s"."T 2"@dblink_fdw_case
	WHERE c1 <= 2
ORDER BY 1;
 c1 
----
  3
  4
  5
(3 rows)

-- CROSS JOIN shape with ORDER BY/OFFSET/LIMIT patterns
SELECT t1.c1 AS t1_c1, t2.c1 AS t2_c1
	FROM "dblink_fdw_s"."T 1"@dblink_fdw_case t1
	CROSS JOIN (
		SELECT c1 FROM "dblink_fdw_s"."T 2"@dblink_fdw_case WHERE c1 <= 3
	) t2
	ORDER BY t1.c1, t2.c1
	LIMIT 5;
 t1_c1 | t2_c1 
-------+-------
     1 |     1
     1 |     2
     1 |     3
     2 |     1
     2 |     2
(5 rows)

-- ANTI JOIN shape via NOT EXISTS (non-key join condition)
SELECT count(*)
	FROM "dblink_fdw_s"."T 1"@dblink_fdw_case t1
	WHERE NOT EXISTS (
		SELECT 1
			FROM "dblink_fdw_s"."T 2"@dblink_fdw_case t2
			WHERE t1.c1 = t2.c2
	);
 count 
-------
    14
(1 row)

-- outer join + placement of clauses (nullable-side derived table)
SELECT t1.c1, t1.c2, t2.c1 AS t2_c1, t2.c2 AS t2_c2
	FROM "dblink_fdw_s"."T 1"@dblink_fdw_case t1
	LEFT JOIN (
		SELECT * FROM "dblink_fdw_s"."T 2"@dblink_fdw_case WHERE c1 < 3
	) t2
	ON t1.c1 = t2.c1
	WHERE t1.c1 < 5
	ORDER BY t1.c1;
 c1 | c2 | t2_c1 | t2_c2 
----+----+-------+-------
  1 |  1 |     1 |     1
  2 |  2 |     2 |     2
  3 |  3 |       |      
  4 |  4 |       |      
(4 rows)

-- variant: top-level clause on nullable side kept outside
SELECT count(*)
	FROM "dblink_fdw_s"."T 1"@dblink_fdw_case t1
	LEFT JOIN (
		SELECT * FROM "dblink_fdw_s"."T 2"@dblink_fdw_case WHERE c1 < 3
	) t2
	ON t1.c1 = t2.c1
	WHERE (t2.c1 < 3 OR t2.c1 IS NULL) AND t1.c1 < 5;
 count 
-------
     4
(1 row)

-- multi-LEFT JOIN chain with nullable side propagation
SELECT t1.c1, t2.c2 AS t2_c2, t3.c3 AS t3_c3
	FROM (SELECT c1 FROM "dblink_fdw_s"."T 1"@dblink_fdw_case WHERE c1 <= 5) t1
	LEFT JOIN (SELECT c1, c2 FROM "dblink_fdw_s"."T 1"@dblink_fdw_case WHERE c1 <= 2) t2
	ON t1.c1 = t2.c1
	LEFT JOIN (SELECT c1, c3 FROM "dblink_fdw_s"."T 2"@dblink_fdw_case WHERE c1 <= 2) t3
	ON t2.c1 = t3.c1
	ORDER BY t1.c1;
 c1 | t2_c2 | t3_c3  
----+-------+--------
  1 |     1 | BBB001
  2 |     2 | BBB002
  3 |       | 
  4 |       | 
  5 |       | 
(5 rows)

-- RIGHT JOIN with derived relations to expose NULL-extended rows
SELECT t2.c1 AS right_c1, t1.c1 AS left_c1
	FROM (SELECT c1 FROM "dblink_fdw_s"."T 2"@dblink_fdw_case WHERE c1 <= 2) t1
	RIGHT JOIN (SELECT c1 FROM "dblink_fdw_s"."T 1"@dblink_fdw_case WHERE c1 <= 5) t2
	ON t1.c1 = t2.c1
	ORDER BY t2.c1;
 right_c1 | left_c1 
----------+---------
        1 |       1
        2 |       2
        3 |        
        4 |        
        5 |        
(5 rows)

-- FULL JOIN with restrictions on joining relations (stable via coalesce ordering)
SELECT coalesce(t1.c1, t2.c1) AS k, t1.c1 AS a, t2.c1 AS b
	FROM (SELECT c1 FROM "dblink_fdw_s"."T 1"@dblink_fdw_case WHERE c1 BETWEEN 5 AND 8) t1
	FULL JOIN (SELECT c1 FROM "dblink_fdw_s"."T 2"@dblink_fdw_case WHERE c1 BETWEEN 7 AND 10) t2
	ON t1.c1 = t2.c1
	ORDER BY k;
 k  | a | b  
----+---+----
  5 | 5 |   
  6 | 6 |   
  7 | 7 |  7
  8 | 8 |  8
  9 |   |  9
 10 |   | 10
(6 rows)

-- join in MATERIALIZED CTE with ORDER/OFFSET/LIMIT
WITH t (c1_1, c1_3, c2_1) AS MATERIALIZED (
	SELECT t1.c1, t1.c3, t2.c1
		FROM "dblink_fdw_s"."T 1"@dblink_fdw_case t1
		JOIN "dblink_fdw_s"."T 2"@dblink_fdw_case t2
		ON t1.c1 = t2.c1
)
SELECT c1_1, c2_1
	FROM t
	ORDER BY c1_3, c1_1
	OFFSET 10 LIMIT 5;
 c1_1 | c2_1 
------+------
   11 |   11
   12 |   12
   13 |   13
   14 |   14
   15 |   15
(5 rows)

-- join two tables with ORDER/OFFSET/LIMIT (mirrors postgres_fdw.sql patterns)
SELECT t1.c1, t2.c2
	FROM "dblink_fdw_s"."T 1"@dblink_fdw_case t1
	JOIN "dblink_fdw_s"."T 2"@dblink_fdw_case t2
	ON t1.c1 = t2.c1
	ORDER BY t1.c1
	OFFSET 10 LIMIT 5;
 c1 | c2 
----+----
 11 |  4
 12 |  5
 13 |  6
 14 |  0
 15 |  1
(5 rows)

-- outer join patterns (mirrors postgres_fdw.sql outer join coverage)
CREATE TABLE "dblink_fdw_s"."T 3" (
	c1 int NOT NULL,
	c2 int NOT NULL,
	CONSTRAINT t3_pkey PRIMARY KEY (c1)
);
CREATE TABLE "dblink_fdw_s"."T 4" (
	c1 int NOT NULL,
	c2 int NOT NULL,
	CONSTRAINT t4_pkey PRIMARY KEY (c1)
);
INSERT INTO "dblink_fdw_s"."T 3"
	SELECT id, id + 1 FROM generate_series(1, 12) id;
DELETE FROM "dblink_fdw_s"."T 3" WHERE c1 % 2 != 0;
INSERT INTO "dblink_fdw_s"."T 4"
	SELECT id, id + 1 FROM generate_series(1, 12) id;
DELETE FROM "dblink_fdw_s"."T 4" WHERE c1 % 3 != 0;
ANALYZE "dblink_fdw_s"."T 3";
ANALYZE "dblink_fdw_s"."T 4";
SELECT count(*)
	FROM "dblink_fdw_s"."T 3"@dblink_fdw_case t3
	JOIN "dblink_fdw_s"."T 4"@dblink_fdw_case t4
	ON t3.c1 = t4.c1;
 count 
-------
     2
(1 row)

SELECT count(*) AS left_rows,
	count(t4.c1) AS matched_rows
	FROM "dblink_fdw_s"."T 3"@dblink_fdw_case t3
	LEFT JOIN "dblink_fdw_s"."T 4"@dblink_fdw_case t4
	ON t3.c1 = t4.c1;
 left_rows | matched_rows 
-----------+--------------
         6 |            2
(1 row)

SELECT t3.c1 AS t3_c1, t4.c1 AS t4_c1
	FROM "dblink_fdw_s"."T 3"@dblink_fdw_case t3
	LEFT JOIN "dblink_fdw_s"."T 4"@dblink_fdw_case t4
	ON t3.c1 = t4.c1
	ORDER BY t3.c1;
 t3_c1 | t4_c1 
-------+-------
     2 |      
     4 |      
     6 |     6
     8 |      
    10 |      
    12 |    12
(6 rows)

-- additional join shapes (RIGHT/FULL, join with expressions, mixed local/remote)
SELECT count(*)
	FROM "dblink_fdw_s"."T 3"@dblink_fdw_case t3
	RIGHT JOIN "dblink_fdw_s"."T 4"@dblink_fdw_case t4
	ON t3.c1 = t4.c1;
 count 
-------
     4
(1 row)

SELECT count(*)
	FROM "dblink_fdw_s"."T 3"@dblink_fdw_case t3
	FULL JOIN "dblink_fdw_s"."T 4"@dblink_fdw_case t4
	ON t3.c1 = t4.c1;
 count 
-------
     8
(1 row)

-- FULL JOIN + WHERE clause, only matched/right-side rows
SELECT count(*)
	FROM "dblink_fdw_s"."T 3"@dblink_fdw_case t3
	FULL JOIN "dblink_fdw_s"."T 4"@dblink_fdw_case t4
	ON t3.c1 = t4.c1
	WHERE (t3.c1 = t4.c1 OR t3.c1 IS NULL);
 count 
-------
     4
(1 row)

SELECT count(*)
	FROM "dblink_fdw_s"."T 4"@dblink_fdw_case t4
	JOIN "dblink_fdw_s"."T 3"@dblink_fdw_case t3
	ON t3.c1 = t4.c1 + 1;
 count 
-------
     2
(1 row)

CREATE TABLE "dblink_fdw_s"."loc_ids"(id int PRIMARY KEY);
INSERT INTO "dblink_fdw_s"."loc_ids" VALUES (1), (2), (3), (30);
SELECT count(*)
	FROM "dblink_fdw_s"."loc_ids" l
	JOIN "dblink_fdw_s"."T 1"@dblink_fdw_case r
	ON r.c1 = l.id;
 count 
-------
     3
(1 row)

CREATE VIEW dblink_fdw_view AS
	SELECT c1, c3 FROM "dblink_fdw_s"."T 1"@dblink_fdw_case WHERE c1 <= 4;
-- verify view deparsing keeps object@dblink
SELECT pg_get_viewdef('dblink_fdw_view'::regclass);
                 pg_get_viewdef                  
-------------------------------------------------
  SELECT c1,                                    +
     c3                                         +
    FROM ONLY dblink_fdw_s."T 1"@dblink_fdw_case+
   WHERE (c1 <= 4);
(1 row)

SELECT count(*) FROM dblink_fdw_view;
 count 
-------
     4
(1 row)

SELECT * FROM dblink_fdw_view ORDER BY c1;
 c1 |   c3   
----+--------
  1 | AAA001
  2 | AAA002
  3 | AAA003
  4 | AAA004
(4 rows)

-- type/edge coverage (keep output stable via counts and explicit formatting)
SET TIME ZONE 'UTC';
SET datestyle = 'ISO, YMD';
CREATE TABLE "dblink_fdw_s"."T_types" (
	i_small int2 NOT NULL,
	i int NOT NULL,
	i_big int8 NOT NULL,
	n numeric(12,2) NOT NULL,
	t text,
	b boolean,
	ts timestamptz,
	ba bytea,
	ia int[]
);
INSERT INTO "dblink_fdw_s"."T_types" VALUES
	(-32768, -1, 2147483648, -1.25, 'neg', false, '2000-01-01 00:00:00+00', decode('00ff', 'hex'), ARRAY[1,2]),
	(0, 0, 0, 0.00, NULL, NULL, NULL, NULL, NULL),
	(32767, 2147483647, 9223372036854775807, 123456.78, 'max', true, '2038-01-19 03:14:07+00', decode('deadbeef', 'hex'), ARRAY[2,3,4]);
ANALYZE "dblink_fdw_s"."T_types";
SELECT count(*) FROM "dblink_fdw_s"."T_types"@dblink_fdw_case;
 count 
-------
     3
(1 row)

SELECT min(i_small), max(i_small), min(i), max(i) FROM "dblink_fdw_s"."T_types"@dblink_fdw_case;
  min   |  max  | min |    max     
--------+-------+-----+------------
 -32768 | 32767 |  -1 | 2147483647
(1 row)

SELECT count(*) FROM "dblink_fdw_s"."T_types"@dblink_fdw_case WHERE 2 = ANY(ia);
 count 
-------
     2
(1 row)

SELECT i, encode(ba, 'hex') AS ba_hex
	FROM "dblink_fdw_s"."T_types"@dblink_fdw_case
	ORDER BY i;
     i      |  ba_hex  
------------+----------
         -1 | 00ff
          0 | 
 2147483647 | deadbeef
(3 rows)

SELECT i,
	to_char(ts AT TIME ZONE 'UTC', 'YYYY-MM-DD"T"HH24:MI:SS') AS ts_utc
	FROM "dblink_fdw_s"."T_types"@dblink_fdw_case
	WHERE ts IS NOT NULL
	ORDER BY i;
     i      |       ts_utc        
------------+---------------------
         -1 | 2000-01-01T00:00:00
 2147483647 | 2038-01-19T03:14:07
(2 rows)

DROP VIEW dblink_fdw_view;
DROP TABLE "dblink_fdw_s"."T_types";
DROP TABLE "dblink_fdw_s"."loc_ids";
DROP DATABASE LINK dblink_fdw_case;
DROP SCHEMA "dblink_fdw_s" CASCADE;
